---
source: tests/requests/auth.rs
expression: "(response.status_code(), response.text())"
---
(
    200,
    "{\"token\":\"TOKEN\",\"pid\":\"PID\",\"username\":\"loco\",\"is_verified\":true}",
)
